// Jest Snapshot v1, https://goo.gl/fbAQLP

exports[`TodoCreator Component should render elements correctly 1`] = `
<div>
  <input
    onKeyDown={[Function]}
    type="text"
  />
</div>
`;
